2025-07-24 11:42:37,140 - INFO - url: https://raw.githubusercontent.com/vbskycn/iptv/refs/heads/master/tv/iptv6.txt 获取成功，判断为txt格式
2025-07-24 11:42:37,141 - INFO - url: https://raw.githubusercontent.com/vbskycn/iptv/refs/heads/master/tv/iptv6.txt 爬取成功✅，包含频道分类: 央视频道, 卫视频道, 电影频道, 儿童频道, 地方频道, 体育频道, 更新时间
2025-07-24 11:42:37,196 - INFO - url: https://raw.githubusercontent.com/vbskycn/iptv/refs/heads/master/tv/iptv4.txt 获取成功，判断为txt格式
2025-07-24 11:42:37,198 - INFO - url: https://raw.githubusercontent.com/vbskycn/iptv/refs/heads/master/tv/iptv4.txt 爬取成功✅，包含频道分类: 央视频道, 卫视频道, 电影频道, 数字频道, 儿童频道, 地方频道, 纪录频道, 体育频道, 解说频道, 音乐频道, 春晚频道, 更新时间
2025-07-24 11:42:37,308 - INFO - url: https://live.fanmingming.com/tv/m3u/ipv6.m3u 获取成功，判断为m3u格式
2025-07-24 11:42:37,308 - INFO - url: https://live.fanmingming.com/tv/m3u/ipv6.m3u 爬取成功✅，包含频道分类: 央视频道, 卫视频道, 浙江频道, 内蒙频道
2025-07-24 11:42:39,273 - INFO - url: https://4key.cn/FP 获取成功，判断为txt格式
2025-07-24 11:42:39,273 - INFO - url: https://4key.cn/FP 爬取成功✅，包含频道分类: 💥🄼🅈｜🄼影视
2025-07-24 11:42:40,666 - INFO - url: https://live.zhoujie218.top/tv/iptv6.txt 获取成功，判断为txt格式
2025-07-24 11:42:40,667 - INFO - url: https://live.zhoujie218.top/tv/iptv6.txt 爬取成功✅，包含频道分类: 央视频道, 卫视频道, 电影频道, 儿童频道, 地方频道, 体育频道, 更新时间
2025-07-24 11:42:43,081 - INFO - url: https://live.zhoujie218.top/tv/iptv4.txt 获取成功，判断为txt格式
2025-07-24 11:42:43,083 - INFO - url: https://live.zhoujie218.top/tv/iptv4.txt 爬取成功✅，包含频道分类: 央视频道, 卫视频道, 电影频道, 数字频道, 儿童频道, 地方频道, 纪录频道, 体育频道, 解说频道, 音乐频道, 春晚频道, 更新时间
2025-07-24 11:42:43,669 - ERROR - url: https://tv.youdu.fan:666/live/ 爬取失败❌, Error: HTTPSConnectionPool(host='tv.youdu.fan', port=666): Max retries exceeded with url: /live/ (Caused by SSLError(SSLCertVerificationError(1, '[SSL: CERTIFICATE_VERIFY_FAILED] certificate verify failed: certificate has expired (_ssl.c:1017)')))
2025-07-24 11:42:44,025 - ERROR - url: http://xhztv.top/zbc.txt 爬取失败❌, Error: 404 Client Error: Not Found for url: http://xhztv.top/zbc.txt
2025-07-24 11:42:44,139 - INFO - url: https://raw.githubusercontent.com/qingwen07/awesome-iptv/main/tvbox_live_all.txt 获取成功，判断为txt格式
2025-07-24 11:42:44,160 - INFO - url: https://raw.githubusercontent.com/qingwen07/awesome-iptv/main/tvbox_live_all.txt 爬取成功✅，包含频道分类: 央视, 新闻, 卫视台, 地方台, 港澳台, 埋堆堆, 影视, 体育, 音乐, 小品, 咪咕, 斗鱼, 少儿, 国外, IPV6, 
2025-07-24 11:42:44,197 - INFO - url: https://raw.githubusercontent.com/Guovin/TV/gd/output/result.txt 获取成功，判断为txt格式
2025-07-24 11:42:44,203 - INFO - url: https://raw.githubusercontent.com/Guovin/TV/gd/output/result.txt 爬取成功✅，包含频道分类: 🕘️更新时间, 📺央视频道, 💰央视付费频道, 📡卫视频道, ☘️广东频道, ☘️浙江频道, ☘️北京频道, ☘️上海频道, ☘️重庆频道, ☘️江苏频道, ☘️辽宁频道, ☘️湖南频道, ☘️湖北频道, ☘️广西频道, ☘️天津频道, ☘️四川频道, ☘️陕西频道, ☘️福建频道, ☘️海南频道, ☘️河南频道, ☘️河北频道, ☘️贵州频道, ☘️甘肃频道, ☘️新疆频道, ☘️山东频道, ☘️山西频道, ☘️安徽频道, ☘️宁夏频道, ☘️吉林频道, ☘️内蒙古频道, ☘️云南频道, ☘️青海频道, ☘️黑龙江频道, 🌊港·澳·台, 🎬电影频道, 🎥咪咕直播, 🏀体育频道, 🪁动画频道, 🎮游戏频道, 🎵音乐频道, 🏛经典剧场
2025-07-24 11:42:46,736 - INFO - url: http://home.jundie.top:81/Cat/tv/live.txt 获取成功，判断为txt格式
2025-07-24 11:42:46,739 - INFO - url: http://home.jundie.top:81/Cat/tv/live.txt 爬取成功✅，包含频道分类: 📺央视频道, 💰央视付费频道, 📡卫视频道, ☘️广东频道, ☘️浙江频道, ☘️北京频道, ☘️上海频道, ☘️重庆频道, ☘️江苏频道, ☘️辽宁频道, ☘️湖南频道, ☘️湖北频道, ☘️广西频道, ☘️天津频道, ☘️四川频道, ☘️陕西频道, ☘️福建频道, ☘️河南频道, ☘️河北频道, ☘️贵州频道, ☘️甘肃频道, ☘️新疆频道, ☘️山东频道, ☘️山西频道, ☘️安徽频道, ☘️宁夏频道, ☘️吉林频道, ☘️云南频道, ☘️青海频道, ☘️黑龙江频道, 🌊港·澳·台, 🎬电影频道, 🎥咪咕直播, 🏀体育频道, 🪁动画频道, 🎮游戏频道, 🎵音乐频道, 🏛经典剧场, 埋堆堆
2025-07-24 11:42:46,793 - INFO - url: https://raw.githubusercontent.com/vbskycn/iptv/master/tv/hd.txt 获取成功，判断为txt格式
2025-07-24 11:42:46,796 - INFO - url: https://raw.githubusercontent.com/vbskycn/iptv/master/tv/hd.txt 爬取成功✅，包含频道分类: 央视频道jyd, 港澳台jyd, 卫视频道jyd, 江西本地jyd, 儿童频道jyd, 电影频道jyd, 其他频道jyd, 央视频道jdx, 江西本地jdx, 卫视频道jdx, 电影频道jdx, 体育频道jdx, 儿童频道jdx, 特色频道jdx, 其他频道jdx, 央视频道ip6, 卫视频道ip6, 电影频道ip6, 儿童频道ip6, 地方频道ip6, 体育频道ip6, 更新时间ip6, 央视频道ip4, 卫视频道ip4, 电影频道ip4, 数字频道ip4, 儿童频道ip4, 地方频道ip4, 纪录频道ip4, 体育频道ip4, 解说频道ip4, 音乐频道ip4, 春晚频道ip4, 更新时间ip4
2025-07-24 11:42:46,811 - INFO - url: https://cdn.jsdelivr.net/gh/YueChan/live@main/IPTV.m3u 获取成功，判断为m3u格式
2025-07-24 11:42:46,812 - INFO - url: https://cdn.jsdelivr.net/gh/YueChan/live@main/IPTV.m3u 爬取成功✅，包含频道分类: 央视, 卫视, 地方, 数字
2025-07-24 11:42:46,831 - INFO - url: https://raw.githubusercontent.com/cymz6/AutoIPTV-Hotel/main/lives.txt 获取成功，判断为txt格式
2025-07-24 11:42:46,831 - INFO - url: https://raw.githubusercontent.com/cymz6/AutoIPTV-Hotel/main/lives.txt 爬取成功✅，包含频道分类: 央视频道, 卫视频道, 其他频道
2025-07-24 11:42:46,874 - INFO - url: https://raw.githubusercontent.com/PizazzGY/TVBox_warehouse/main/live.txt 获取成功，判断为txt格式
2025-07-24 11:42:46,875 - INFO - url: https://raw.githubusercontent.com/PizazzGY/TVBox_warehouse/main/live.txt 爬取成功✅，包含频道分类: 央视
2025-07-24 11:42:47,637 - INFO - url: https://fm1077.serv00.net/SmartTV.m3u 获取成功，判断为m3u格式
2025-07-24 11:42:47,638 - INFO - url: https://fm1077.serv00.net/SmartTV.m3u 爬取成功✅，包含频道分类: 臺灣 Taiwan, 馬來西亞 Malaysia, 新加坡 Singapore, 印尼 Indonesia, 香港 Hongkong, 中國 China, 體育 Sports, 印度 Indian, 電影 Movie, 紀錄 Documentary, 新聞 News, 兒童 Kids, 泰國 Thailand, 英國 United Kingdom, 越南 Vietnam, 韓國 Korea, 日本 Japan
2025-07-24 11:42:47,671 - INFO - url: https://raw.githubusercontent.com/ssili126/tv/main/itvlist.txt 获取成功，判断为txt格式
2025-07-24 11:42:47,672 - INFO - url: https://raw.githubusercontent.com/ssili126/tv/main/itvlist.txt 爬取成功✅，包含频道分类: 央视频道, 卫视频道, 其他频道
2025-07-24 11:42:47,684 - INFO - url: https://raw.githubusercontent.com/kimwang1978/collect-tv-txt/main/merged_output.txt 获取成功，判断为txt格式
2025-07-24 11:42:47,684 - INFO - url: https://raw.githubusercontent.com/kimwang1978/collect-tv-txt/main/merged_output.txt 爬取成功✅，包含频道分类: 更新时间
